/home/prime/miniconda3/lib/python3.13/site-packages/sklearn/utils/deprecation.py:132: FutureWarning: 'force_all_finite' was renamed to 'ensure_all_finite' in 1.6 and will be removed in 1.8.
  warnings.warn(
/home/prime/miniconda3/lib/python3.13/site-packages/sklearn/utils/deprecation.py:132: FutureWarning: 'force_all_finite' was renamed to 'ensure_all_finite' in 1.6 and will be removed in 1.8.
  warnings.warn(
/tmp/TabPFN_v1/tabpfn/scripts/transformer_prediction_interface.py:530: FutureWarning: `torch.cuda.amp.autocast(args...)` is deprecated. Please use `torch.amp.autocast('cuda', args...)` instead.
  with torch.cuda.amp.autocast(enabled=fp16_inference):
/home/prime/miniconda3/lib/python3.13/site-packages/torch/_dynamo/eval_frame.py:1044: UserWarning: torch.utils.checkpoint: the use_reentrant parameter should be passed explicitly. Starting in PyTorch 2.9, calling checkpoint without use_reentrant will raise an exception. use_reentrant=False is recommended, but if you need to preserve the current default behavior, you can pass use_reentrant=True. Refer to docs for more details on the differences between the two variants.
  return fn(*args, **kwargs)
/home/prime/miniconda3/lib/python3.13/site-packages/sklearn/utils/deprecation.py:132: FutureWarning: 'force_all_finite' was renamed to 'ensure_all_finite' in 1.6 and will be removed in 1.8.
  warnings.warn(
/tmp/TabPFN_v1/tabpfn/scripts/transformer_prediction_interface.py:530: FutureWarning: `torch.cuda.amp.autocast(args...)` is deprecated. Please use `torch.amp.autocast('cuda', args...)` instead.
  with torch.cuda.amp.autocast(enabled=fp16_inference):
/home/prime/miniconda3/lib/python3.13/site-packages/torch/_dynamo/eval_frame.py:1044: UserWarning: torch.utils.checkpoint: the use_reentrant parameter should be passed explicitly. Starting in PyTorch 2.9, calling checkpoint without use_reentrant will raise an exception. use_reentrant=False is recommended, but if you need to preserve the current default behavior, you can pass use_reentrant=True. Refer to docs for more details on the differences between the two variants.
  return fn(*args, **kwargs)
2026-05-28 06:44:44,305 | INFO | Completed tabpfn_v1
2026-05-28 06:44:52,044 | INFO | Completed tabpfn_v2
2026-05-28 06:44:57,467 | INFO | Completed tabpfn_v2_5
2026-05-28 06:45:03,016 | INFO | Completed tabpfn_v2_6
2026-05-28 06:45:06,099 | INFO | Completed tabpfn_v3
/home/prime/miniconda3/lib/python3.13/site-packages/sklearn/utils/deprecation.py:132: FutureWarning: 'force_all_finite' was renamed to 'ensure_all_finite' in 1.6 and will be removed in 1.8.
  warnings.warn(
/home/prime/miniconda3/lib/python3.13/site-packages/sklearn/utils/deprecation.py:132: FutureWarning: 'force_all_finite' was renamed to 'ensure_all_finite' in 1.6 and will be removed in 1.8.
  warnings.warn(
/tmp/TabPFN_v1/tabpfn/scripts/transformer_prediction_interface.py:530: FutureWarning: `torch.cuda.amp.autocast(args...)` is deprecated. Please use `torch.amp.autocast('cuda', args...)` instead.
  with torch.cuda.amp.autocast(enabled=fp16_inference):
/home/prime/miniconda3/lib/python3.13/site-packages/torch/_dynamo/eval_frame.py:1044: UserWarning: torch.utils.checkpoint: the use_reentrant parameter should be passed explicitly. Starting in PyTorch 2.9, calling checkpoint without use_reentrant will raise an exception. use_reentrant=False is recommended, but if you need to preserve the current default behavior, you can pass use_reentrant=True. Refer to docs for more details on the differences between the two variants.
  return fn(*args, **kwargs)
/home/prime/miniconda3/lib/python3.13/site-packages/sklearn/utils/deprecation.py:132: FutureWarning: 'force_all_finite' was renamed to 'ensure_all_finite' in 1.6 and will be removed in 1.8.
  warnings.warn(
/tmp/TabPFN_v1/tabpfn/scripts/transformer_prediction_interface.py:530: FutureWarning: `torch.cuda.amp.autocast(args...)` is deprecated. Please use `torch.amp.autocast('cuda', args...)` instead.
  with torch.cuda.amp.autocast(enabled=fp16_inference):
/home/prime/miniconda3/lib/python3.13/site-packages/torch/_dynamo/eval_frame.py:1044: UserWarning: torch.utils.checkpoint: the use_reentrant parameter should be passed explicitly. Starting in PyTorch 2.9, calling checkpoint without use_reentrant will raise an exception. use_reentrant=False is recommended, but if you need to preserve the current default behavior, you can pass use_reentrant=True. Refer to docs for more details on the differences between the two variants.
  return fn(*args, **kwargs)
2026-05-28 06:45:08,926 | INFO | Completed tabpfn_v1
2026-05-28 06:45:14,394 | INFO | Completed tabpfn_v2
2026-05-28 06:45:18,921 | INFO | Completed tabpfn_v2_5
2026-05-28 06:45:23,774 | INFO | Completed tabpfn_v2_6
2026-05-28 06:45:26,697 | INFO | Completed tabpfn_v3
/home/prime/miniconda3/lib/python3.13/site-packages/sklearn/utils/deprecation.py:132: FutureWarning: 'force_all_finite' was renamed to 'ensure_all_finite' in 1.6 and will be removed in 1.8.
  warnings.warn(
/home/prime/miniconda3/lib/python3.13/site-packages/sklearn/utils/deprecation.py:132: FutureWarning: 'force_all_finite' was renamed to 'ensure_all_finite' in 1.6 and will be removed in 1.8.
  warnings.warn(
/tmp/TabPFN_v1/tabpfn/scripts/transformer_prediction_interface.py:530: FutureWarning: `torch.cuda.amp.autocast(args...)` is deprecated. Please use `torch.amp.autocast('cuda', args...)` instead.
  with torch.cuda.amp.autocast(enabled=fp16_inference):
/home/prime/miniconda3/lib/python3.13/site-packages/torch/_dynamo/eval_frame.py:1044: UserWarning: torch.utils.checkpoint: the use_reentrant parameter should be passed explicitly. Starting in PyTorch 2.9, calling checkpoint without use_reentrant will raise an exception. use_reentrant=False is recommended, but if you need to preserve the current default behavior, you can pass use_reentrant=True. Refer to docs for more details on the differences between the two variants.
  return fn(*args, **kwargs)
/home/prime/miniconda3/lib/python3.13/site-packages/sklearn/utils/deprecation.py:132: FutureWarning: 'force_all_finite' was renamed to 'ensure_all_finite' in 1.6 and will be removed in 1.8.
  warnings.warn(
/tmp/TabPFN_v1/tabpfn/scripts/transformer_prediction_interface.py:530: FutureWarning: `torch.cuda.amp.autocast(args...)` is deprecated. Please use `torch.amp.autocast('cuda', args...)` instead.
  with torch.cuda.amp.autocast(enabled=fp16_inference):
/home/prime/miniconda3/lib/python3.13/site-packages/torch/_dynamo/eval_frame.py:1044: UserWarning: torch.utils.checkpoint: the use_reentrant parameter should be passed explicitly. Starting in PyTorch 2.9, calling checkpoint without use_reentrant will raise an exception. use_reentrant=False is recommended, but if you need to preserve the current default behavior, you can pass use_reentrant=True. Refer to docs for more details on the differences between the two variants.
  return fn(*args, **kwargs)
2026-05-28 06:45:29,562 | INFO | Completed tabpfn_v1
2026-05-28 06:45:35,193 | INFO | Completed tabpfn_v2
2026-05-28 06:45:39,996 | INFO | Completed tabpfn_v2_5
2026-05-28 06:45:45,039 | INFO | Completed tabpfn_v2_6
2026-05-28 06:45:48,079 | INFO | Completed tabpfn_v3
/home/prime/miniconda3/lib/python3.13/site-packages/sklearn/utils/deprecation.py:132: FutureWarning: 'force_all_finite' was renamed to 'ensure_all_finite' in 1.6 and will be removed in 1.8.
  warnings.warn(
/home/prime/miniconda3/lib/python3.13/site-packages/sklearn/utils/deprecation.py:132: FutureWarning: 'force_all_finite' was renamed to 'ensure_all_finite' in 1.6 and will be removed in 1.8.
  warnings.warn(
/tmp/TabPFN_v1/tabpfn/scripts/transformer_prediction_interface.py:530: FutureWarning: `torch.cuda.amp.autocast(args...)` is deprecated. Please use `torch.amp.autocast('cuda', args...)` instead.
  with torch.cuda.amp.autocast(enabled=fp16_inference):
/home/prime/miniconda3/lib/python3.13/site-packages/torch/_dynamo/eval_frame.py:1044: UserWarning: torch.utils.checkpoint: the use_reentrant parameter should be passed explicitly. Starting in PyTorch 2.9, calling checkpoint without use_reentrant will raise an exception. use_reentrant=False is recommended, but if you need to preserve the current default behavior, you can pass use_reentrant=True. Refer to docs for more details on the differences between the two variants.
  return fn(*args, **kwargs)
/home/prime/miniconda3/lib/python3.13/site-packages/sklearn/utils/deprecation.py:132: FutureWarning: 'force_all_finite' was renamed to 'ensure_all_finite' in 1.6 and will be removed in 1.8.
  warnings.warn(
/tmp/TabPFN_v1/tabpfn/scripts/transformer_prediction_interface.py:530: FutureWarning: `torch.cuda.amp.autocast(args...)` is deprecated. Please use `torch.amp.autocast('cuda', args...)` instead.
  with torch.cuda.amp.autocast(enabled=fp16_inference):
/home/prime/miniconda3/lib/python3.13/site-packages/torch/_dynamo/eval_frame.py:1044: UserWarning: torch.utils.checkpoint: the use_reentrant parameter should be passed explicitly. Starting in PyTorch 2.9, calling checkpoint without use_reentrant will raise an exception. use_reentrant=False is recommended, but if you need to preserve the current default behavior, you can pass use_reentrant=True. Refer to docs for more details on the differences between the two variants.
  return fn(*args, **kwargs)
2026-05-28 06:45:49,927 | INFO | Completed tabpfn_v1
2026-05-28 06:45:51,496 | INFO | Completed tabpfn_v2
2026-05-28 06:45:53,375 | INFO | Completed tabpfn_v2_5
2026-05-28 06:45:55,246 | INFO | Completed tabpfn_v2_6
2026-05-28 06:45:57,478 | INFO | Completed tabpfn_v3
/home/prime/miniconda3/lib/python3.13/site-packages/sklearn/utils/deprecation.py:132: FutureWarning: 'force_all_finite' was renamed to 'ensure_all_finite' in 1.6 and will be removed in 1.8.
  warnings.warn(
/home/prime/miniconda3/lib/python3.13/site-packages/sklearn/utils/deprecation.py:132: FutureWarning: 'force_all_finite' was renamed to 'ensure_all_finite' in 1.6 and will be removed in 1.8.
  warnings.warn(
/tmp/TabPFN_v1/tabpfn/scripts/transformer_prediction_interface.py:530: FutureWarning: `torch.cuda.amp.autocast(args...)` is deprecated. Please use `torch.amp.autocast('cuda', args...)` instead.
  with torch.cuda.amp.autocast(enabled=fp16_inference):
/home/prime/miniconda3/lib/python3.13/site-packages/torch/_dynamo/eval_frame.py:1044: UserWarning: torch.utils.checkpoint: the use_reentrant parameter should be passed explicitly. Starting in PyTorch 2.9, calling checkpoint without use_reentrant will raise an exception. use_reentrant=False is recommended, but if you need to preserve the current default behavior, you can pass use_reentrant=True. Refer to docs for more details on the differences between the two variants.
  return fn(*args, **kwargs)
/home/prime/miniconda3/lib/python3.13/site-packages/sklearn/utils/deprecation.py:132: FutureWarning: 'force_all_finite' was renamed to 'ensure_all_finite' in 1.6 and will be removed in 1.8.
  warnings.warn(
/tmp/TabPFN_v1/tabpfn/scripts/transformer_prediction_interface.py:530: FutureWarning: `torch.cuda.amp.autocast(args...)` is deprecated. Please use `torch.amp.autocast('cuda', args...)` instead.
  with torch.cuda.amp.autocast(enabled=fp16_inference):
/home/prime/miniconda3/lib/python3.13/site-packages/torch/_dynamo/eval_frame.py:1044: UserWarning: torch.utils.checkpoint: the use_reentrant parameter should be passed explicitly. Starting in PyTorch 2.9, calling checkpoint without use_reentrant will raise an exception. use_reentrant=False is recommended, but if you need to preserve the current default behavior, you can pass use_reentrant=True. Refer to docs for more details on the differences between the two variants.
  return fn(*args, **kwargs)
2026-05-28 06:46:00,037 | INFO | Completed tabpfn_v1
2026-05-28 06:46:04,372 | INFO | Completed tabpfn_v2
2026-05-28 06:46:08,162 | INFO | Completed tabpfn_v2_5
2026-05-28 06:46:12,231 | INFO | Completed tabpfn_v2_6
2026-05-28 06:46:14,956 | INFO | Completed tabpfn_v3
/home/prime/miniconda3/lib/python3.13/site-packages/sklearn/utils/deprecation.py:132: FutureWarning: 'force_all_finite' was renamed to 'ensure_all_finite' in 1.6 and will be removed in 1.8.
  warnings.warn(
/home/prime/miniconda3/lib/python3.13/site-packages/sklearn/utils/deprecation.py:132: FutureWarning: 'force_all_finite' was renamed to 'ensure_all_finite' in 1.6 and will be removed in 1.8.
  warnings.warn(
/tmp/TabPFN_v1/tabpfn/scripts/transformer_prediction_interface.py:530: FutureWarning: `torch.cuda.amp.autocast(args...)` is deprecated. Please use `torch.amp.autocast('cuda', args...)` instead.
  with torch.cuda.amp.autocast(enabled=fp16_inference):
/home/prime/miniconda3/lib/python3.13/site-packages/torch/_dynamo/eval_frame.py:1044: UserWarning: torch.utils.checkpoint: the use_reentrant parameter should be passed explicitly. Starting in PyTorch 2.9, calling checkpoint without use_reentrant will raise an exception. use_reentrant=False is recommended, but if you need to preserve the current default behavior, you can pass use_reentrant=True. Refer to docs for more details on the differences between the two variants.
  return fn(*args, **kwargs)
/home/prime/miniconda3/lib/python3.13/site-packages/sklearn/utils/deprecation.py:132: FutureWarning: 'force_all_finite' was renamed to 'ensure_all_finite' in 1.6 and will be removed in 1.8.
  warnings.warn(
/tmp/TabPFN_v1/tabpfn/scripts/transformer_prediction_interface.py:530: FutureWarning: `torch.cuda.amp.autocast(args...)` is deprecated. Please use `torch.amp.autocast('cuda', args...)` instead.
  with torch.cuda.amp.autocast(enabled=fp16_inference):
/home/prime/miniconda3/lib/python3.13/site-packages/torch/_dynamo/eval_frame.py:1044: UserWarning: torch.utils.checkpoint: the use_reentrant parameter should be passed explicitly. Starting in PyTorch 2.9, calling checkpoint without use_reentrant will raise an exception. use_reentrant=False is recommended, but if you need to preserve the current default behavior, you can pass use_reentrant=True. Refer to docs for more details on the differences between the two variants.
  return fn(*args, **kwargs)
2026-05-28 06:46:17,536 | INFO | Completed tabpfn_v1
2026-05-28 06:46:22,091 | INFO | Completed tabpfn_v2
2026-05-28 06:46:25,909 | INFO | Completed tabpfn_v2_5
2026-05-28 06:46:30,000 | INFO | Completed tabpfn_v2_6
2026-05-28 06:46:32,740 | INFO | Completed tabpfn_v3
/home/prime/miniconda3/lib/python3.13/site-packages/sklearn/utils/deprecation.py:132: FutureWarning: 'force_all_finite' was renamed to 'ensure_all_finite' in 1.6 and will be removed in 1.8.
  warnings.warn(
/home/prime/miniconda3/lib/python3.13/site-packages/sklearn/utils/deprecation.py:132: FutureWarning: 'force_all_finite' was renamed to 'ensure_all_finite' in 1.6 and will be removed in 1.8.
  warnings.warn(
/tmp/TabPFN_v1/tabpfn/scripts/transformer_prediction_interface.py:530: FutureWarning: `torch.cuda.amp.autocast(args...)` is deprecated. Please use `torch.amp.autocast('cuda', args...)` instead.
  with torch.cuda.amp.autocast(enabled=fp16_inference):
/home/prime/miniconda3/lib/python3.13/site-packages/torch/_dynamo/eval_frame.py:1044: UserWarning: torch.utils.checkpoint: the use_reentrant parameter should be passed explicitly. Starting in PyTorch 2.9, calling checkpoint without use_reentrant will raise an exception. use_reentrant=False is recommended, but if you need to preserve the current default behavior, you can pass use_reentrant=True. Refer to docs for more details on the differences between the two variants.
  return fn(*args, **kwargs)
/home/prime/miniconda3/lib/python3.13/site-packages/sklearn/utils/deprecation.py:132: FutureWarning: 'force_all_finite' was renamed to 'ensure_all_finite' in 1.6 and will be removed in 1.8.
  warnings.warn(
/tmp/TabPFN_v1/tabpfn/scripts/transformer_prediction_interface.py:530: FutureWarning: `torch.cuda.amp.autocast(args...)` is deprecated. Please use `torch.amp.autocast('cuda', args...)` instead.
  with torch.cuda.amp.autocast(enabled=fp16_inference):
/home/prime/miniconda3/lib/python3.13/site-packages/torch/_dynamo/eval_frame.py:1044: UserWarning: torch.utils.checkpoint: the use_reentrant parameter should be passed explicitly. Starting in PyTorch 2.9, calling checkpoint without use_reentrant will raise an exception. use_reentrant=False is recommended, but if you need to preserve the current default behavior, you can pass use_reentrant=True. Refer to docs for more details on the differences between the two variants.
  return fn(*args, **kwargs)
2026-05-28 06:46:35,284 | INFO | Completed tabpfn_v1
2026-05-28 06:46:39,390 | INFO | Completed tabpfn_v2
2026-05-28 06:46:43,058 | INFO | Completed tabpfn_v2_5
2026-05-28 06:46:46,979 | INFO | Completed tabpfn_v2_6
2026-05-28 06:46:49,655 | INFO | Completed tabpfn_v3
/home/prime/miniconda3/lib/python3.13/site-packages/sklearn/utils/deprecation.py:132: FutureWarning: 'force_all_finite' was renamed to 'ensure_all_finite' in 1.6 and will be removed in 1.8.
  warnings.warn(
/home/prime/miniconda3/lib/python3.13/site-packages/sklearn/utils/deprecation.py:132: FutureWarning: 'force_all_finite' was renamed to 'ensure_all_finite' in 1.6 and will be removed in 1.8.
  warnings.warn(
/tmp/TabPFN_v1/tabpfn/scripts/transformer_prediction_interface.py:530: FutureWarning: `torch.cuda.amp.autocast(args...)` is deprecated. Please use `torch.amp.autocast('cuda', args...)` instead.
  with torch.cuda.amp.autocast(enabled=fp16_inference):
/home/prime/miniconda3/lib/python3.13/site-packages/torch/_dynamo/eval_frame.py:1044: UserWarning: torch.utils.checkpoint: the use_reentrant parameter should be passed explicitly. Starting in PyTorch 2.9, calling checkpoint without use_reentrant will raise an exception. use_reentrant=False is recommended, but if you need to preserve the current default behavior, you can pass use_reentrant=True. Refer to docs for more details on the differences between the two variants.
  return fn(*args, **kwargs)
/home/prime/miniconda3/lib/python3.13/site-packages/sklearn/utils/deprecation.py:132: FutureWarning: 'force_all_finite' was renamed to 'ensure_all_finite' in 1.6 and will be removed in 1.8.
  warnings.warn(
/tmp/TabPFN_v1/tabpfn/scripts/transformer_prediction_interface.py:530: FutureWarning: `torch.cuda.amp.autocast(args...)` is deprecated. Please use `torch.amp.autocast('cuda', args...)` instead.
  with torch.cuda.amp.autocast(enabled=fp16_inference):
/home/prime/miniconda3/lib/python3.13/site-packages/torch/_dynamo/eval_frame.py:1044: UserWarning: torch.utils.checkpoint: the use_reentrant parameter should be passed explicitly. Starting in PyTorch 2.9, calling checkpoint without use_reentrant will raise an exception. use_reentrant=False is recommended, but if you need to preserve the current default behavior, you can pass use_reentrant=True. Refer to docs for more details on the differences between the two variants.
  return fn(*args, **kwargs)
2026-05-28 06:46:52,191 | INFO | Completed tabpfn_v1
2026-05-28 06:46:56,393 | INFO | Completed tabpfn_v2
2026-05-28 06:47:00,089 | INFO | Completed tabpfn_v2_5
2026-05-28 06:47:04,086 | INFO | Completed tabpfn_v2_6
2026-05-28 06:47:06,768 | INFO | Completed tabpfn_v3
/home/prime/miniconda3/lib/python3.13/site-packages/sklearn/utils/deprecation.py:132: FutureWarning: 'force_all_finite' was renamed to 'ensure_all_finite' in 1.6 and will be removed in 1.8.
  warnings.warn(
/home/prime/miniconda3/lib/python3.13/site-packages/sklearn/utils/deprecation.py:132: FutureWarning: 'force_all_finite' was renamed to 'ensure_all_finite' in 1.6 and will be removed in 1.8.
  warnings.warn(
/tmp/TabPFN_v1/tabpfn/scripts/transformer_prediction_interface.py:530: FutureWarning: `torch.cuda.amp.autocast(args...)` is deprecated. Please use `torch.amp.autocast('cuda', args...)` instead.
  with torch.cuda.amp.autocast(enabled=fp16_inference):
/home/prime/miniconda3/lib/python3.13/site-packages/torch/_dynamo/eval_frame.py:1044: UserWarning: torch.utils.checkpoint: the use_reentrant parameter should be passed explicitly. Starting in PyTorch 2.9, calling checkpoint without use_reentrant will raise an exception. use_reentrant=False is recommended, but if you need to preserve the current default behavior, you can pass use_reentrant=True. Refer to docs for more details on the differences between the two variants.
  return fn(*args, **kwargs)
/home/prime/miniconda3/lib/python3.13/site-packages/sklearn/utils/deprecation.py:132: FutureWarning: 'force_all_finite' was renamed to 'ensure_all_finite' in 1.6 and will be removed in 1.8.
  warnings.warn(
/tmp/TabPFN_v1/tabpfn/scripts/transformer_prediction_interface.py:530: FutureWarning: `torch.cuda.amp.autocast(args...)` is deprecated. Please use `torch.amp.autocast('cuda', args...)` instead.
  with torch.cuda.amp.autocast(enabled=fp16_inference):
/home/prime/miniconda3/lib/python3.13/site-packages/torch/_dynamo/eval_frame.py:1044: UserWarning: torch.utils.checkpoint: the use_reentrant parameter should be passed explicitly. Starting in PyTorch 2.9, calling checkpoint without use_reentrant will raise an exception. use_reentrant=False is recommended, but if you need to preserve the current default behavior, you can pass use_reentrant=True. Refer to docs for more details on the differences between the two variants.
  return fn(*args, **kwargs)
2026-05-28 06:47:09,409 | INFO | Completed tabpfn_v1
2026-05-28 06:47:13,571 | INFO | Completed tabpfn_v2
2026-05-28 06:47:17,375 | INFO | Completed tabpfn_v2_5
2026-05-28 06:47:21,486 | INFO | Completed tabpfn_v2_6
2026-05-28 06:47:24,181 | INFO | Completed tabpfn_v3
/home/prime/miniconda3/lib/python3.13/site-packages/sklearn/utils/deprecation.py:132: FutureWarning: 'force_all_finite' was renamed to 'ensure_all_finite' in 1.6 and will be removed in 1.8.
  warnings.warn(
/home/prime/miniconda3/lib/python3.13/site-packages/sklearn/utils/deprecation.py:132: FutureWarning: 'force_all_finite' was renamed to 'ensure_all_finite' in 1.6 and will be removed in 1.8.
  warnings.warn(
/tmp/TabPFN_v1/tabpfn/scripts/transformer_prediction_interface.py:530: FutureWarning: `torch.cuda.amp.autocast(args...)` is deprecated. Please use `torch.amp.autocast('cuda', args...)` instead.
  with torch.cuda.amp.autocast(enabled=fp16_inference):
/home/prime/miniconda3/lib/python3.13/site-packages/torch/_dynamo/eval_frame.py:1044: UserWarning: torch.utils.checkpoint: the use_reentrant parameter should be passed explicitly. Starting in PyTorch 2.9, calling checkpoint without use_reentrant will raise an exception. use_reentrant=False is recommended, but if you need to preserve the current default behavior, you can pass use_reentrant=True. Refer to docs for more details on the differences between the two variants.
  return fn(*args, **kwargs)
/home/prime/miniconda3/lib/python3.13/site-packages/sklearn/utils/deprecation.py:132: FutureWarning: 'force_all_finite' was renamed to 'ensure_all_finite' in 1.6 and will be removed in 1.8.
  warnings.warn(
/tmp/TabPFN_v1/tabpfn/scripts/transformer_prediction_interface.py:530: FutureWarning: `torch.cuda.amp.autocast(args...)` is deprecated. Please use `torch.amp.autocast('cuda', args...)` instead.
  with torch.cuda.amp.autocast(enabled=fp16_inference):
/home/prime/miniconda3/lib/python3.13/site-packages/torch/_dynamo/eval_frame.py:1044: UserWarning: torch.utils.checkpoint: the use_reentrant parameter should be passed explicitly. Starting in PyTorch 2.9, calling checkpoint without use_reentrant will raise an exception. use_reentrant=False is recommended, but if you need to preserve the current default behavior, you can pass use_reentrant=True. Refer to docs for more details on the differences between the two variants.
  return fn(*args, **kwargs)
2026-05-28 06:47:26,839 | INFO | Completed tabpfn_v1
2026-05-28 06:47:31,201 | INFO | Completed tabpfn_v2
2026-05-28 06:47:34,998 | INFO | Completed tabpfn_v2_5
2026-05-28 06:47:39,111 | INFO | Completed tabpfn_v2_6
2026-05-28 06:47:41,819 | INFO | Completed tabpfn_v3
[W528 06:47:43.752291713 AllocatorConfig.cpp:28] Warning: PYTORCH_CUDA_ALLOC_CONF is deprecated, use PYTORCH_ALLOC_CONF instead (function operator())
