2026-04-30 07:04:41,630 | INFO | Starting Phase 2 single-dataset evaluation
2026-04-30 07:04:41,630 | INFO | Dataset path: /home/prime/Documents/g3/tab-r1/Accurate_Prediction_on_Small_Dataset_with_TabPFN_Research/Practical Research/Datasets/Datasets from TabPFN Classification/Classification DataSets/car.csv
INFO:DataLoader:Loading dataset from: /home/prime/Documents/g3/tab-r1/Accurate_Prediction_on_Small_Dataset_with_TabPFN_Research/Practical Research/Datasets/Datasets from TabPFN Classification/Classification DataSets/car.csv
INFO:DataLoader:Auto-selected last column as target: target
INFO:DataLoader:Inferred task type: multiclass
INFO:DataLoader:Successfully loaded and split dataset. Train: 1208, Val: 260, Test: 260
2026-04-30 07:04:44,641 | INFO | Running model: tabpfn
INFO:phase2.20260430_070441:Running model: tabpfn
2026-04-30 07:04:47,047 | INFO | Saved plots for tabpfn: ['tabpfn_confusion_matrix.png']
INFO:phase2.20260430_070441:Saved plots for tabpfn: ['tabpfn_confusion_matrix.png']
2026-04-30 07:04:47,047 | INFO | Running model: random_forest
INFO:phase2.20260430_070441:Running model: random_forest
2026-04-30 07:04:47,503 | INFO | Saved plots for random_forest: ['random_forest_confusion_matrix.png']
INFO:phase2.20260430_070441:Saved plots for random_forest: ['random_forest_confusion_matrix.png']
2026-04-30 07:04:47,503 | INFO | Running model: logistic_regression
INFO:phase2.20260430_070441:Running model: logistic_regression
/home/prime/miniconda3/lib/python3.13/site-packages/sklearn/linear_model/_logistic.py:1272: FutureWarning: 'multi_class' was deprecated in version 1.5 and will be removed in 1.8. From then on, it will always use 'multinomial'. Leave it to its default value to avoid this warning.
  warnings.warn(
2026-04-30 07:04:47,711 | INFO | Saved plots for logistic_regression: ['logistic_regression_confusion_matrix.png']
INFO:phase2.20260430_070441:Saved plots for logistic_regression: ['logistic_regression_confusion_matrix.png']
2026-04-30 07:04:47,712 | INFO | Running model: catboost
INFO:phase2.20260430_070441:Running model: catboost
2026-04-30 07:04:48,901 | INFO | Saved plots for catboost: ['catboost_confusion_matrix.png']
INFO:phase2.20260430_070441:Saved plots for catboost: ['catboost_confusion_matrix.png']
2026-04-30 07:04:48,901 | INFO | Running model: xgboost
INFO:phase2.20260430_070441:Running model: xgboost
2026-04-30 07:04:49,809 | INFO | Saved plots for xgboost: ['xgboost_confusion_matrix.png']
INFO:phase2.20260430_070441:Saved plots for xgboost: ['xgboost_confusion_matrix.png']
2026-04-30 07:04:49,809 | INFO | Running model: lightgbm
INFO:phase2.20260430_070441:Running model: lightgbm
/home/prime/miniconda3/lib/python3.13/site-packages/sklearn/utils/validation.py:2749: UserWarning: X does not have valid feature names, but LGBMClassifier was fitted with feature names
  warnings.warn(
/home/prime/miniconda3/lib/python3.13/site-packages/sklearn/utils/validation.py:2749: UserWarning: X does not have valid feature names, but LGBMClassifier was fitted with feature names
  warnings.warn(
2026-04-30 07:04:50,420 | INFO | Saved plots for lightgbm: ['lightgbm_confusion_matrix.png']
INFO:phase2.20260430_070441:Saved plots for lightgbm: ['lightgbm_confusion_matrix.png']
2026-04-30 07:04:50,420 | INFO | Running model: autogluon
INFO:phase2.20260430_070441:Running model: autogluon
	Warning: Exception caused NeuralNetFastAI to fail during training (ImportError)... Skipping this model.
		Import fastai failed. A quick tip is to install via `pip install autogluon.tabular[fastai]==1.5.0`. 
/home/prime/miniconda3/lib/python3.13/site-packages/sklearn/compose/_column_transformer.py:975: FutureWarning: The parameter `force_int_remainder_cols` is deprecated and will be removed in 1.9. It has no effect. Leave it to its default value to avoid this warning.
  warnings.warn(
2026-04-30 07:05:08,911 | INFO | Saved plots for autogluon: ['autogluon_confusion_matrix.png']
INFO:phase2.20260430_070441:Saved plots for autogluon: ['autogluon_confusion_matrix.png']
2026-04-30 07:05:08,915 | INFO | Phase 2 run finished. Output dir: /home/prime/Documents/g3/tab-r1/results-s2/runs/car/20260430_070441
INFO:phase2.20260430_070441:Phase 2 run finished. Output dir: /home/prime/Documents/g3/tab-r1/results-s2/runs/car/20260430_070441
[W430 07:05:10.557267740 AllocatorConfig.cpp:28] Warning: PYTORCH_CUDA_ALLOC_CONF is deprecated, use PYTORCH_ALLOC_CONF instead (function operator())
