2026-04-30 04:03:33,449 | INFO | Starting Phase 2 single-dataset evaluation
2026-04-30 04:03:33,449 | INFO | Dataset path: /home/prime/Documents/g3/tab-r1/Accurate_Prediction_on_Small_Dataset_with_TabPFN_Research/Practical Research/Datasets/Datasets from TabPFN Classification/Classification DataSets/ada_dataset.csv
INFO:DataLoader:Loading dataset from: /home/prime/Documents/g3/tab-r1/Accurate_Prediction_on_Small_Dataset_with_TabPFN_Research/Practical Research/Datasets/Datasets from TabPFN Classification/Classification DataSets/ada_dataset.csv
INFO:DataLoader:Auto-selected last column as target: target
INFO:DataLoader:Inferred task type: binary
INFO:DataLoader:Successfully loaded and split dataset. Train: 2902, Val: 622, Test: 623
2026-04-30 04:03:37,875 | INFO | Running model: tabpfn
INFO:phase2.20260430_040333:Running model: tabpfn
INFO:tabpfn.model_loading:Downloading model to /home/prime/.cache/tabpfn/tabpfn-v2.6-classifier-v2.6_default.ckpt.
INFO:tabpfn.model_loading:Attempting HuggingFace download: tabpfn-v2.6-classifier-v2.6_default.ckpt
INFO:tabpfn.model_loading:Successfully downloaded to /home/prime/.cache/tabpfn/tabpfn-v2.6-classifier-v2.6_default.ckpt
2026-04-30 04:04:21,711 | INFO | Saved plots for tabpfn: ['tabpfn_confusion_matrix.png', 'tabpfn_roc_curve.png']
INFO:phase2.20260430_040333:Saved plots for tabpfn: ['tabpfn_confusion_matrix.png', 'tabpfn_roc_curve.png']
2026-04-30 04:04:21,712 | INFO | Running model: random_forest
INFO:phase2.20260430_040333:Running model: random_forest
2026-04-30 04:04:22,297 | INFO | Saved plots for random_forest: ['random_forest_confusion_matrix.png', 'random_forest_roc_curve.png']
INFO:phase2.20260430_040333:Saved plots for random_forest: ['random_forest_confusion_matrix.png', 'random_forest_roc_curve.png']
2026-04-30 04:04:22,297 | INFO | Running model: logistic_regression
INFO:phase2.20260430_040333:Running model: logistic_regression
2026-04-30 04:04:22,608 | INFO | Saved plots for logistic_regression: ['logistic_regression_confusion_matrix.png', 'logistic_regression_roc_curve.png']
INFO:phase2.20260430_040333:Saved plots for logistic_regression: ['logistic_regression_confusion_matrix.png', 'logistic_regression_roc_curve.png']
2026-04-30 04:04:22,608 | INFO | Running model: catboost
INFO:phase2.20260430_040333:Running model: catboost
2026-04-30 04:04:24,352 | INFO | Saved plots for catboost: ['catboost_confusion_matrix.png', 'catboost_roc_curve.png']
INFO:phase2.20260430_040333:Saved plots for catboost: ['catboost_confusion_matrix.png', 'catboost_roc_curve.png']
2026-04-30 04:04:24,352 | INFO | Running model: xgboost
INFO:phase2.20260430_040333:Running model: xgboost
2026-04-30 04:04:24,998 | INFO | Saved plots for xgboost: ['xgboost_confusion_matrix.png', 'xgboost_roc_curve.png']
INFO:phase2.20260430_040333:Saved plots for xgboost: ['xgboost_confusion_matrix.png', 'xgboost_roc_curve.png']
2026-04-30 04:04:24,998 | INFO | Running model: lightgbm
INFO:phase2.20260430_040333:Running model: lightgbm
/home/prime/miniconda3/lib/python3.13/site-packages/sklearn/utils/validation.py:2749: UserWarning: X does not have valid feature names, but LGBMClassifier was fitted with feature names
  warnings.warn(
/home/prime/miniconda3/lib/python3.13/site-packages/sklearn/utils/validation.py:2749: UserWarning: X does not have valid feature names, but LGBMClassifier was fitted with feature names
  warnings.warn(
2026-04-30 04:04:25,470 | INFO | Saved plots for lightgbm: ['lightgbm_confusion_matrix.png', 'lightgbm_roc_curve.png']
INFO:phase2.20260430_040333:Saved plots for lightgbm: ['lightgbm_confusion_matrix.png', 'lightgbm_roc_curve.png']
2026-04-30 04:04:25,470 | INFO | Running model: autogluon
INFO:phase2.20260430_040333:Running model: autogluon
	Warning: Exception caused NeuralNetFastAI to fail during training (ImportError)... Skipping this model.
		Import fastai failed. A quick tip is to install via `pip install autogluon.tabular[fastai]==1.5.0`. 
/home/prime/miniconda3/lib/python3.13/site-packages/sklearn/compose/_column_transformer.py:975: FutureWarning: The parameter `force_int_remainder_cols` is deprecated and will be removed in 1.9. It has no effect. Leave it to its default value to avoid this warning.
  warnings.warn(
/home/prime/miniconda3/lib/python3.13/site-packages/sklearn/metrics/_classification.py:259: UserWarning: The y_prob values do not sum to one. Make sure to pass probabilities.
  warnings.warn(
2026-04-30 04:04:34,020 | INFO | Saved plots for autogluon: ['autogluon_confusion_matrix.png', 'autogluon_roc_curve.png']
INFO:phase2.20260430_040333:Saved plots for autogluon: ['autogluon_confusion_matrix.png', 'autogluon_roc_curve.png']
2026-04-30 04:04:34,023 | INFO | Phase 2 run finished. Output dir: /home/prime/Documents/g3/tab-r1/results-satya/runs/ada_dataset/20260430_040333
INFO:phase2.20260430_040333:Phase 2 run finished. Output dir: /home/prime/Documents/g3/tab-r1/results-satya/runs/ada_dataset/20260430_040333
[W430 04:04:35.545007330 AllocatorConfig.cpp:28] Warning: PYTORCH_CUDA_ALLOC_CONF is deprecated, use PYTORCH_ALLOC_CONF instead (function operator())
